[solo-validator] restored 35 blocks from disk
[solo-validator] started | genesis=000a0c85ba4fce34... | height=36 | supply=3500000000...
node:events:487
      throw er; // Unhandled 'error' event
      ^

Error: listen EADDRINUSE: address already in use :::9001
    at Server.setupListenHandle [as _listen2] (node:net:2009:16)
    at listenInCluster (node:net:2066:12)
    at Server.listen (node:net:2171:7)
    at file:///data/data/com.termux/files/home/nexastream/packages/blockchain/solo-validator.mjs:238:8
    at ModuleJob.run (node:internal/modules/esm/module_job:439:25)
    at async onImport.tracePromise.__proto__ (node:internal/modules/esm/loader:633:26)
    at async asyncRunEntryPointWithESMLoader (node:internal/modules/run_main:101:5)
Emitted 'error' event on Server instance at:
    at emitErrorNT (node:net:2045:8)
    at process.processTicksAndRejections (node:internal/process/task_queues:90:21) {
  code: 'EADDRINUSE',
  errno: -98,
  syscall: 'listen',
  address: '::',
  port: 9001
}

Node.js v24.17.0
